<html>
<body>
<pre>
<h1>µVision Build Log</h1>
<h2>Project:</h2>
D:\18_D1\week2\LAB2.uvproj
Project File Date:  01/15/2020

<h2>Output:</h2>
Build target 'Target 1'
assembling lab24.s...
linking...
Program Size: Code=96 RO-data=8 RW-data=4 ZI-data=0  
".\LAB2.axf" - 0 Error(s), 0 Warning(s).
</pre>
</body>
</html>
0  
".\LAB2.axf" - 0 Error(s), 1 Warning(s).

Target not created
ting opcode or Macro
".\LAB2.axf" - 3 Error(s), 0 Warning(s).
Target not created
created
 definition of startup symbol __main.
Not enough information to list image symbols.
Not enough information to list the image map.
Finished: 2 information, 1 warning and 1 error messages.
".\LAB2.axf" - 1 Error(s), 2 Warning(s).
Target not created
